harness: floor htgen -c100 -d8s transport=unix path=/ arm=kernel memlock=8192 cflags=-std=c++23 6.18.44-fc-v37 x86_64
responses=4299245 bad=0 seconds=8.000 rps=537398 bytes=171969800 MB/s=20.50 conns=100 threads=1 streams=1 pipeline=1 method=GET proto=h1 tls=0 bundles=1 bufs=2048/4096 enobufs=0 rearms=0 tx_bytes=150475675 tx_MB/s=17.94
server: 92% of one core   client: 0% of one core   other: 104% of one core

harness: floor htgen -c100 -d8s transport=unix path=/ arm=kernel memlock=8192 cflags=-O3 -march=x86-64-v3 -O3 -march=x86-64-v3 -std=c++23 6.18.44-fc-v37 x86_64
responses=4207477 bad=0 seconds=8.000 rps=525925 bytes=168299080 MB/s=20.06 conns=100 threads=1 streams=1 pipeline=1 method=GET proto=h1 tls=0 bundles=1 bufs=2048/4096 enobufs=0 rearms=0 tx_bytes=147264530 tx_MB/s=17.55
server: 91% of one core   client: 0% of one core   other: 103% of one core

harness: floor htgen -c100 -d8s transport=unix path=/ arm=kernel memlock=8192 cflags=-O3 -march=x86-64-v3 -std=c++23 6.18.44-fc-v37 x86_64
responses=4192651 bad=0 seconds=8.000 rps=524073 bytes=167706040 MB/s=19.99 conns=100 threads=1 streams=1 pipeline=1 method=GET proto=h1 tls=0 bundles=1 bufs=2048/4096 enobufs=0 rearms=0 tx_bytes=146744885 tx_MB/s=17.49
server: 90% of one core   client: 97% of one core   other: 12% of one core

harness: floor htgen -c100 -d5s reps=3 transport=unix path=/ arm=kernel memlock=8192 cflags=-O3 -march=x86-64-v3 -std=c++23 6.18.44-fc-v37 x86_64
rps: 529652 538343 509267
median rps: 529652 over 3 run(s), range % of the median
both ends pegged - the scheduler decided the split

harness: floor htgen -c100 -d5s reps=3 transport=unix path=/ arm=kernel memlock=8192 cflags=-O3 -march=x86-64-v3 -std=c++23 6.18.44-fc-v37 x86_64
rps: 507778 517117 516356
median rps: 516356 over 3 run(s), range 1.8% of the median
both ends pegged - the scheduler decided the split

harness: floor htgen -c100 -d5s reps=3 transport=unix path=/ arm=kernel memlock=8192 cflags=-O3 -march=x86-64-v3 -std=c++23 6.18.44-fc-v37 x86_64
rps: 0 0 0
median rps: 0 over 3 run(s), range 0.0% of the median

